SQLCli Release 0.0.68
SQL> loaddriver C:\Users\耿晨雨\Desktop\linkoopdb-jdbc-2.2.3.jar
Driver loaded.
SQL> connect admin/123456
Database connected.
SQL> start LDB_EXT_External_Table/LDBX022-12 ORC file as external table.sql
SQL> drop table t_external_ORC  IF  EXISTS;
0 rows affected
SQL> CREATE EXTERNAL TABLE t_external_ORC BY ORC('location':'hdfs:///node74/stream74/linkoopdb/data/users.orc');
java.sql.SQLException: java.net.ConnectException: Connection refused Caused by [Connection refused] in statement [CREATE EXTERNAL TABLE t_external_ORC BY ORC('location':'hdfs:///node74/stream74/linkoopdb/data/users.orc')]
SQL> select * from t_external_ORC order by name;
java.sql.SQLSyntaxErrorException: user lacks privilege or object not found: T_EXTERNAL_ORC in statement [select * from t_external_ORC order by name]
SQL> exit
Disconnected.
