SQLCli Release 0.0.68
SQL> loaddriver C:\Users\耿晨雨\Desktop\linkoopdb-jdbc-2.2.3.jar
Driver loaded.
SQL> connect admin/123456
Database connected.
SQL> start LDB_EXT_External_Table/LDBX022-07 alter external table statement.sql
SQL> drop table t_alter_parquet  IF  EXISTS;
0 rows affected
SQL> CREATE EXTERNAL TABLE t_alter_parquet BY PARQUET('location':'hdfs://node73:8020/node74/stream74/linkoopdb/data/parquet');
java.sql.SQLException: java.net.ConnectException: Connection refused Caused by [Connection refused] in statement [CREATE EXTERNAL TABLE t_alter_parquet BY PARQUET('location':'hdfs://node73:8020/node74/stream74/linkoopdb/data/parquet')]
SQL> select * from t_alter_parquet order by id;
java.sql.SQLSyntaxErrorException: user lacks privilege or object not found: T_ALTER_PARQUET in statement [select * from t_alter_parquet order by id]
SQL> ALTER TABLE PUBLIC.t_alter_parquet AS ("I_ITEM_SK" INTEGER , "I_ITEM_ID" VARCHAR(32768) , "I_CURRENT_PRICE" VARCHAR(32768)) LOCATION ('hdfs://node73:8020/node74/stream74/linkoopdb/data/parquet1') FORMAT 'parquet';
java.sql.SQLSyntaxErrorException: user lacks privilege or object not found: PUBLIC.T_ALTER_PARQUET in statement [ALTER TABLE PUBLIC.t_alter_parquet AS ("I_ITEM_SK" INTEGER , "I_ITEM_ID" VARCHAR(32768) , "I_CURRENT_PRICE" VARCHAR(32768)) LOCATION ('hdfs://node73:8020/node74/stream74/linkoopdb/data/parquet1') FORMAT 'parquet']
SQL> select * from t_alter_parquet order by I_ITEM_SK;
java.sql.SQLSyntaxErrorException: user lacks privilege or object not found: T_ALTER_PARQUET in statement [select * from t_alter_parquet order by I_ITEM_SK]
SQL> exit
Disconnected.
